// Jest Snapshot v1, https://goo.gl/fbAQLP

exports[`<Highlights /> should render correctly 1`] = `
<Highlights
  className=""
>
  Test
</Highlights>
`;
