// Jest Snapshot v1, https://goo.gl/fbAQLP

exports[`Image Component with styles should render correctly and match snapshots 1`] = `
<Image
  alt="ABC"
  className="sc-bdVaJa llwvHO"
  placeholderSrc="http://xyz.com"
  src="http://abc.com"
/>
`;
