// Jest Snapshot v1, https://goo.gl/fbAQLP

exports[`<Testimonials /> should render correctly 1`] = `
<Testimonials
  className=""
>
  Test
</Testimonials>
`;
