// Jest Snapshot v1, https://goo.gl/fbAQLP

exports[`<TopBanner /> should render correctly 1`] = `
<TopBanner
  className=""
>
  Test
</TopBanner>
`;
